../Core/Src/abad_calibration.c:25:7:abad_controller_to_joint_angle	16	static
../Core/Src/abad_calibration.c:35:7:abad_joint_to_controller_angle	16	static
../Core/Src/abad_calibration.c:45:7:abad_clamp_joint_angle	16	static
../Core/Src/abad_calibration.c:55:9:abad_joint_angle_in_limits	16	static
../Core/Src/abad_calibration.c:82:9:abad_sensor_a_active	8	static
../Core/Src/abad_calibration.c:86:9:abad_sensor_b_active	8	static
../Core/Src/abad_calibration.c:94:6:abad_hall_calibrate	24	static
../Core/Src/abad_calibration.c:145:6:abad_cal_reset	8	static
../Core/Src/abad_calibration.c:176:13:abad_cal_probe_direction	24	static
../Core/Src/abad_calibration.c:222:13:abad_cal_collect_transitions	32	static
../Core/Src/abad_calibration.c:271:13:abad_cal_build_map	72	static
../Core/Src/abad_calibration.c:337:13:abad_cal_align_zero	32	static
../Core/Src/abad_calibration.c:379:12:abad_identify_magnet	24	static
../Core/Src/abad_calibration.c:396:6:abad_encoder_set_zero	8	static
../Core/Src/abad_calibration.c:408:7:abad_get_position	24	static
